---
http_interactions:
- request:
    method: get
    uri: https://www.bingapis.com/api/v6/search?AppId=<BING_V6_APP_ID>&count=20&mkt=en-US&offset=0&q=jobs%20(site:gov%20OR%20site:mil)&responseFilter=WebPages,SpellSuggestions&safeSearch=moderate&textDecorations=true&traffictype=test
    body:
      encoding: US-ASCII
      string: ''
    headers:
      User-Agent:
      - USASearch
      Ocp-Apim-Subscription-Key:
      - "<BING_V6_APP_ID>"
      Accept-Encoding:
      - gzip;q=1.0,deflate;q=0.6,identity;q=0.3
      Accept:
      - "*/*"
      Connection:
      - keep-alive
      Keep-Alive:
      - '30'
  response:
    status:
      code: 200
      message: OK
    headers:
      Cache-Control:
      - private, max-age=0
      Content-Length:
      - '3363'
      Content-Type:
      - application/json; charset=utf-8
      Expires:
      - Thu, 22 Feb 2018 07:17:01 GMT
      Vary:
      - Accept-Encoding
      P3p:
      - CP="NON UNI COM NAV STA LOC CURa DEVa PSAa PSDa OUR IND"
      Set-Cookie:
      - MUID=0E2AB436054C64D8299BBFA804A965CF; path=/; expires=Tue, 19-Mar-2019 07:18:02
        GMT; domain=bingapis.com
      - MUIDB=0E2AB436054C64D8299BBFA804A965CF; path=/; httponly; expires=Tue, 19-Mar-2019
        07:18:02 GMT
      - SRCHD=AF=NOFORM; domain=.bingapis.com; expires=Sat, 22-Feb-2020 07:18:01 GMT;
        path=/
      - SRCHUID=V=2&GUID=83C19085EE1745DA8C25FD0A59E3C611&dmnchg=1; domain=.bingapis.com;
        expires=Sat, 22-Feb-2020 07:18:01 GMT; path=/
      - SRCHUSR=DOB=20180222; domain=.bingapis.com; expires=Sat, 22-Feb-2020 07:18:01
        GMT; path=/
      - _EDGE_S=mkt=en-us&F=1&SID=321D5B56E1AF67601EFD50C8E04A6693; path=/; httponly;
        domain=bingapis.com
      - _EDGE_V=1; path=/; httponly; expires=Tue, 19-Mar-2019 07:18:02 GMT; domain=bingapis.com
      - _SS=SID=321D5B56E1AF67601EFD50C8E04A6693; domain=.bingapis.com; path=/
      Bingapis-Traceid:
      - 45D4DBCEC9654F539D37883208F7CB44
      X-Msedge-Clientid:
      - 0E2AB436054C64D8299BBFA804A965CF
      X-Msapi-Userstate:
      - d452
      Bingapis-Market:
      - en-US
      X-Msedge-Ref:
      - 'Ref A: 45D4DBCEC9654F539D37883208F7CB44 Ref B: SG2EDGE0918 Ref C: 2018-02-22T07:18:02Z'
      Date:
      - Thu, 22 Feb 2018 07:18:01 GMT
    body:
      encoding: UTF-8
      string: '{"_type": "SearchResponse", "instrumentation": {"pingUrlBase": "https:\/\/www.bingapis.com\/api\/ping?IG=64B392C7471D42CEA36D5E01128733D2&CID=0E2AB436054C64D8299BBFA804A965CF&ID=",
        "pageLoadPingUrl": "https:\/\/www.bingapis.com\/api\/ping\/pageload?IG=64B392C7471D42CEA36D5E01128733D2&CID=0E2AB436054C64D8299BBFA804A965CF&Type=Event.CPT&DATA=0"},
        "webPages": {"webSearchUrl": "https:\/\/www.bing.com\/search?q=jobs+(site%3agov+OR+site%3amil)",
        "webSearchUrlPingSuffix": "DevEx,5527.1", "totalEstimatedMatches": 15100000,
        "value": [{"id": "https:\/\/www.bingapis.com\/api\/v6\/#WebPages.0", "name":
        "USAJOBS - The Federal Government''s Official Jobs Site", "url": "https:\/\/www.usajobs.gov\/",
        "urlPingSuffix": "DevEx,5101.1", "about": [{"name": "USAJobs"}, {"name": "USAJobs"}],
        "displayUrl": "https:\/\/www.usajobs.gov", "snippet": "USAJOBS is the Federal
        Government''s official one-stop source for Federal jobs and employment information.",
        "deepLinks": [{"name": "Sign In", "url": "http:\/\/my.usajobs.gov\/Applicant\/ProfileDashboard\/Home",
        "urlPingSuffix": "DevEx,5088.1"}, {"name": "Veterans", "url": "https:\/\/www.usajobs.gov\/Help\/working-in-government\/unique-hiring-paths\/veterans\/",
        "urlPingSuffix": "DevEx,5089.1"}, {"name": "Search Jobs", "url": "http:\/\/jobsearch.usajobs.gov\/",
        "urlPingSuffix": "DevEx,5090.1"}, {"name": "Students", "url": "https:\/\/www.usajobs.gov\/Help\/working-in-government\/unique-hiring-paths\/students\/",
        "urlPingSuffix": "DevEx,5091.1"}, {"name": "Create Account", "url": "https:\/\/login.usajobs.gov\/account\/Create",
        "urlPingSuffix": "DevEx,5092.1"}, {"name": "FBI", "url": "https:\/\/fbi.usajobs.gov\/",
        "urlPingSuffix": "DevEx,5093.1"}], "dateLastCrawled": "2018-02-15T01:46:00.0000000Z"},
        {"id": "https:\/\/www.bingapis.com\/api\/v6\/#WebPages.1", "name": "SPD: Home
        - IN.gov", "url": "http:\/\/in.gov\/jobs\/", "urlPingSuffix": "DevEx,5116.1",
        "about": [{"name": "United States Department of Veterans Affairs"}], "displayUrl":
        "in.gov\/jobs", "snippet": "Search for jobs with Indiana State Government;
        Learn more about working for the state of Indiana; View my current benefits
        summary; Ask SPD a question related to my ...", "dateLastCrawled": "2018-02-16T15:32:00.0000000Z"},
        {"id": "https:\/\/www.bingapis.com\/api\/v6\/#WebPages.2", "name": "State
        of California Jobs - CalCareers", "url": "http:\/\/www.jobs.ca.gov\/",
        "urlPingSuffix": "DevEx,5142.1", "about": [{"name": "California"}], "displayUrl":
        "www.jobs.ca.gov", "snippet": "The State of California offers a wide variety
        of careers and jobs, ranging from accounting to zoology. The services our
        employees provide are truly ...", "dateLastCrawled": "2018-02-15T22:13:00.0000000Z"},
        {"id": "https:\/\/www.bingapis.com\/api\/v6\/#WebPages.3", "name": "Jobs
        - Federal Aviation Administration (FAA)", "url": "https:\/\/www.faa.gov\/jobs\/",
        "urlPingSuffix": "DevEx,5158.1", "about": [{"name": "Federal Aviation Administration"}],
        "displayUrl": "https:\/\/www.faa.gov\/jobs", "snippet": "Take control
        of your career. The FAA has many opportunities for you to contribute to our
        safe and efficient skies. Below is a sample of possible career fields:", "dateLastCrawled":
        "2018-02-15T16:45:00.0000000Z"}, {"id": "https:\/\/www.bingapis.com\/api\/v6\/#WebPages.4",
        "name": "Jobs Home | City of New York", "url": "http:\/\/www1.nyc.gov\/jobs\/index.page",
        "urlPingSuffix": "DevEx,5174.1", "about": [{"name": "New York"}], "displayUrl":
        "www1.nyc.gov\/jobs\/index.page", "snippet": "Every day, the City''s 325,000
        employees serve millions of residents and visitors. They improve infrastructure,
        provide important social services, and make the city safer.", "dateLastCrawled":
        "2018-02-15T20:08:00.0000000Z"}, {"id": "https:\/\/www.bingapis.com\/api\/v6\/#WebPages.5",
        "name": "jobs.utah.gov - Department of Workforce Services", "url": "https:\/\/jobs.utah.gov\/",
        "urlPingSuffix": "DevEx,5188.1", "displayUrl": "https:\/\/jobs.utah.gov",
        "snippet": "Find Your New Job. Workforce Services has jobs in over 23 career
        fields in Utah. Start searching for your new job today.", "dateLastCrawled":
        "2018-02-16T23:37:00.0000000Z"}, {"id": "https:\/\/www.bingapis.com\/api\/v6\/#WebPages.6",
        "name": "Jobs and Career Information | USAGov", "url": "https:\/\/www.usa.gov\/jobs-careers",
        "urlPingSuffix": "DevEx,5207.1", "displayUrl": "https:\/\/www.usa.gov\/jobs-careers",
        "snippet": "Jobs and Career Information. Find information about different
        career fields. Animal Care and Science. Find career information about animal
        science and care.", "dateLastCrawled": "2018-02-10T11:32:00.0000000Z"}, {"id":
        "https:\/\/www.bingapis.com\/api\/v6\/#WebPages.7", "name": "Jobs | Topics",
        "url": "https:\/\/www.fairfaxcounty.gov\/topics\/jobs", "urlPingSuffix": "DevEx,5220.1",
        "about": [{"name": "Fairfax County"}], "displayUrl": "https:\/\/www.fairfaxcounty.gov\/topics\/jobs",
        "snippet": "Fairfax County, Virginia - Look and apply for a job with Fairfax
        Count Government. Serve your community as a public servant in many ways.",
        "dateLastCrawled": "2018-02-14T21:02:00.0000000Z"}, {"id": "https:\/\/www.bingapis.com\/api\/v6\/#WebPages.8",
        "name": "Phila.gov | Human Resources | Jobs", "url": "http:\/\/www.phila.gov\/personnel\/Jobs.html",
        "urlPingSuffix": "DevEx,5235.1", "displayUrl": "www.phila.gov\/personnel\/Jobs.html",
        "snippet": "Job Interest » Job Opportunities » In order to be hired for a
        Civil Service job, you must apply, take and pass a test, and rank high enough
        to be called in for an ...", "dateLastCrawled": "2018-02-10T21:01:00.0000000Z"},
        {"id": "https:\/\/www.bingapis.com\/api\/v6\/#WebPages.9", "name": "Jobs
        | City of Mesa", "url": "http:\/\/www.mesaaz.gov\/about-us\/jobs", "urlPingSuffix":
        "DevEx,5249.1", "about": [{"name": "Mesa"}], "displayUrl": "www.mesaaz.gov\/about-us\/jobs",
        "snippet": "To apply online and advance to Career Opportunities read the Employee
        Values and click the \"I Agree\" button below. By doing so you are committing
        to uphold and ...", "dateLastCrawled": "2018-02-12T17:55:00.0000000Z"}, {"id":
        "https:\/\/www.bingapis.com\/api\/v6\/#WebPages.10", "name": "Virginia Jobs",
        "url": "http:\/\/jobs.virginia.gov\/", "urlPingSuffix": "DevEx,5264.1", "displayUrl":
        "jobs.virginia.gov", "snippet": "Job search website for individuals seeking
        employment with the Commonwealth of Virginia State Government.", "dateLastCrawled":
        "2018-02-10T00:21:00.0000000Z"}, {"id": "https:\/\/www.bingapis.com\/api\/v6\/#WebPages.11",
        "name": "Nevada Employment - Official State of Nevada website", "url":
        "http:\/\/nv.gov\/employment\/", "urlPingSuffix": "DevEx,5279.1", "about":
        [{"name": "Nevada"}], "displayUrl": "nv.gov\/employment", "snippet": "About
        Nevada. Tourism Information. Economic Development", "dateLastCrawled": "2018-02-15T19:55:00.0000000Z"},
        {"id": "https:\/\/www.bingapis.com\/api\/v6\/#WebPages.12", "name": "CalJOBS",
        "url": "http:\/\/www.caljobs.ca.gov\/", "urlPingSuffix": "DevEx,5295.1", "about":
        [{"name": "Employment Development Department"}], "displayUrl": "www.caljobs.ca.gov",
        "snippet": "CalJOBS - Complete set of employment tools for job seekers in
        California. Job seekers and employers access jobs, résumés, education, training,
        labor market information.", "dateLastCrawled": "2018-02-14T05:07:00.0000000Z"},
        {"id": "https:\/\/www.bingapis.com\/api\/v6\/#WebPages.13", "name": "Arkansas.gov
        | Jobs", "url": "http:\/\/www.arkansas.gov\/jobs", "urlPingSuffix": "DevEx,5310.1",
        "about": [{"name": "Arkansas"}], "displayUrl": "www.arkansas.gov\/jobs",
        "snippet": "Welcome to Arkansas.gov the official site of the State of Arkansas.",
        "dateLastCrawled": "2018-02-09T14:39:00.0000000Z"}, {"id": "https:\/\/www.bingapis.com\/api\/v6\/#WebPages.14",
        "name": "Exciting Career Opportunities - Jobs - California Public ...",
        "url": "http:\/\/www.cpuc.ca.gov\/jobs\/", "urlPingSuffix": "DevEx,5326.1",
        "about": [{"name": "California Public Utilities Commission"}], "displayUrl":
        "www.cpuc.ca.gov\/jobs", "snippet": "Exciting Career Opportunities. The
        CPUC is hiring! The CPUC is currently hiring for a variety of positions. We
        welcome qualified candidates to join our diverse team ...", "dateLastCrawled":
        "2018-02-12T21:26:00.0000000Z"}, {"id": "https:\/\/www.bingapis.com\/api\/v6\/#WebPages.15",
        "name": "VA JOBS Home", "url": "http:\/\/www.va.gov\/jobs\/", "urlPingSuffix":
        "DevEx,5342.1", "about": [{"name": "United States Department of Veterans Affairs"}],
        "displayUrl": "www.va.gov\/jobs", "snippet": "The Department of Veterans
        Affairs is committed to adding and retaining Veterans to our workforce. Whether
        you are a vet interested at working at VA or you''re a Vet ...", "dateLastCrawled":
        "2018-02-16T01:20:00.0000000Z"}, {"id": "https:\/\/www.bingapis.com\/api\/v6\/#WebPages.16",
        "name": "PNNL: Jobs", "url": "https:\/\/jobs.pnnl.gov\/", "urlPingSuffix":
        "DevEx,5358.1", "about": [{"name": "Pacific Northwest National Laboratory"}],
        "displayUrl": "https:\/\/jobs.pnnl.gov", "snippet": "Find Jobs. Browse
        a list of our current job openings. Create an applicant profile and upload
        a resumé. Sign up to receive email notices for new job openings.", "dateLastCrawled":
        "2018-02-15T02:18:00.0000000Z"}, {"id": "https:\/\/www.bingapis.com\/api\/v6\/#WebPages.17",
        "name": "Jobs | Communications & Public Information | City of ...", "url":
        "https:\/\/www.alexandriava.gov\/Jobs", "urlPingSuffix": "DevEx,5374.1", "about":
        [{"name": "Alexandria"}], "displayUrl": "https:\/\/www.alexandriava.gov\/Jobs",
        "snippet": "Jobs. Alexandria offers wide range of job opportunities and
        services. Work for City government or City Public Schools, find out about
        an internship opportunity or ...", "dateLastCrawled": "2018-02-10T06:40:00.0000000Z"},
        {"id": "https:\/\/www.bingapis.com\/api\/v6\/#WebPages.18", "name": "Careers.ohio.gov",
        "url": "http:\/\/careers.ohio.gov\/", "urlPingSuffix": "DevEx,5389.1", "displayUrl":
        "careers.ohio.gov", "snippet": "The State of Ohio offers a wide range of
        career opportunities. A career in public service is an honorable choice. The
        work we do impacts the lives of the people in Ohio.", "dateLastCrawled": "2018-02-08T17:10:00.0000000Z"},
        {"id": "https:\/\/www.bingapis.com\/api\/v6\/#WebPages.19", "name": "Jobs
        & Careers at TPWD - Texas Parks & Wildlife Department", "url": "https:\/\/tpwd.texas.gov\/jobs\/",
        "urlPingSuffix": "DevEx,5404.1", "about": [{"name": "Texas Parks and Wildlife
        Department"}], "displayUrl": "https:\/\/tpwd.texas.gov\/jobs", "snippet":
        "We are TPWD. Providing outdoor recreational opportunities, managing and protecting
        fish and wildlife habitat, and managing parklands and historic areas", "dateLastCrawled":
        "2018-02-12T05:17:00.0000000Z"}]}, "rankingResponse": {"mainline": {"items":
        [{"answerType": "WebPages", "resultIndex": 0, "value": {"id": "https:\/\/www.bingapis.com\/api\/v6\/#WebPages.0"}},
        {"answerType": "WebPages", "resultIndex": 1, "value": {"id": "https:\/\/www.bingapis.com\/api\/v6\/#WebPages.1"}},
        {"answerType": "WebPages", "resultIndex": 2, "value": {"id": "https:\/\/www.bingapis.com\/api\/v6\/#WebPages.2"}},
        {"answerType": "WebPages", "resultIndex": 3, "value": {"id": "https:\/\/www.bingapis.com\/api\/v6\/#WebPages.3"}},
        {"answerType": "WebPages", "resultIndex": 4, "value": {"id": "https:\/\/www.bingapis.com\/api\/v6\/#WebPages.4"}},
        {"answerType": "WebPages", "resultIndex": 5, "value": {"id": "https:\/\/www.bingapis.com\/api\/v6\/#WebPages.5"}},
        {"answerType": "WebPages", "resultIndex": 6, "value": {"id": "https:\/\/www.bingapis.com\/api\/v6\/#WebPages.6"}},
        {"answerType": "WebPages", "resultIndex": 7, "value": {"id": "https:\/\/www.bingapis.com\/api\/v6\/#WebPages.7"}},
        {"answerType": "WebPages", "resultIndex": 8, "value": {"id": "https:\/\/www.bingapis.com\/api\/v6\/#WebPages.8"}},
        {"answerType": "WebPages", "resultIndex": 9, "value": {"id": "https:\/\/www.bingapis.com\/api\/v6\/#WebPages.9"}},
        {"answerType": "WebPages", "resultIndex": 10, "value": {"id": "https:\/\/www.bingapis.com\/api\/v6\/#WebPages.10"}},
        {"answerType": "WebPages", "resultIndex": 11, "value": {"id": "https:\/\/www.bingapis.com\/api\/v6\/#WebPages.11"}},
        {"answerType": "WebPages", "resultIndex": 12, "value": {"id": "https:\/\/www.bingapis.com\/api\/v6\/#WebPages.12"}},
        {"answerType": "WebPages", "resultIndex": 13, "value": {"id": "https:\/\/www.bingapis.com\/api\/v6\/#WebPages.13"}},
        {"answerType": "WebPages", "resultIndex": 14, "value": {"id": "https:\/\/www.bingapis.com\/api\/v6\/#WebPages.14"}},
        {"answerType": "WebPages", "resultIndex": 15, "value": {"id": "https:\/\/www.bingapis.com\/api\/v6\/#WebPages.15"}},
        {"answerType": "WebPages", "resultIndex": 16, "value": {"id": "https:\/\/www.bingapis.com\/api\/v6\/#WebPages.16"}},
        {"answerType": "WebPages", "resultIndex": 17, "value": {"id": "https:\/\/www.bingapis.com\/api\/v6\/#WebPages.17"}},
        {"answerType": "WebPages", "resultIndex": 18, "value": {"id": "https:\/\/www.bingapis.com\/api\/v6\/#WebPages.18"}},
        {"answerType": "WebPages", "resultIndex": 19, "value": {"id": "https:\/\/www.bingapis.com\/api\/v6\/#WebPages.19"}}]}}}'
    http_version: 
  recorded_at: Thu, 22 Feb 2018 07:18:02 GMT
- request:
    method: get
    uri: https://jobs.search.gov/jobs/search.json?hl=1&query=jobs&size=10&tags=federal
    body:
      encoding: US-ASCII
      string: ''
    headers:
      User-Agent:
      - Faraday v0.9.2
      Accept:
      - application/vnd.usagov.position_openings.v3
      Accept-Encoding:
      - gzip;q=1.0,deflate;q=0.6,identity;q=0.3
      Connection:
      - keep-alive
      Keep-Alive:
      - '30'
  response:
    status:
      code: 200
      message: OK
    headers:
      Cache-Control:
      - max-age=0, private, must-revalidate
      Content-Type:
      - application/json; charset=utf-8
      Date:
      - Thu, 22 Feb 2018 07:18:04 GMT
      Etag:
      - W/"18eacab73d4f2b3cb9e3b0ae00de8cba"
      Server:
      - Apache
      Status:
      - 200 OK
      Strict-Transport-Security:
      - max-age=31536000; includeSubdomains; preload
      Vary:
      - Origin
      X-Powered-By:
      - Phusion Passenger 5.1.12
      X-Request-Id:
      - c13e354c-d435-4ea8-9b76-dcc23dca13f3
      X-Runtime:
      - '0.020412'
      Content-Length:
      - '3371'
      Connection:
      - keep-alive
    body:
      encoding: UTF-8
      string: '[{"id":"usajobs:491993400","position_title":"Administrative Technician
        (OA)","organization_name":"Bureau of Land Management","rate_interval_code":"PA","minimum":33394,"maximum":52893,"start_date":"2018-02-22","end_date":"2018-02-28","locations":["Bishop,
        CA"],"url":"https://www.usajobs.gov/GetJob/ViewDetails/491993400"},{"id":"usajobs:491993300","position_title":"Supervisory
        Range Technician (Fire)","organization_name":"Bureau of Land Management","rate_interval_code":"PA","minimum":36802,"maximum":53169,"start_date":"2018-02-21","end_date":"2018-03-05","locations":["Wickenburg,
        AZ"],"url":"https://www.usajobs.gov/GetJob/ViewDetails/491993300"},{"id":"usajobs:491993000","position_title":"Civil
        Engineer, GS-0810-07/09/11 (DEU-GEB)","organization_name":"Bureau of Reclamation","rate_interval_code":"PA","minimum":46609,"maximum":86553,"start_date":"2018-02-22","end_date":"2018-03-15","locations":["Lakewood,
        CO"],"url":"https://www.usajobs.gov/GetJob/ViewDetails/491993000"},{"id":"usajobs:491986500","position_title":"Staff
        Accountant, GS-0510-13 (DEU-JG)","organization_name":"Bureau of Reclamation","rate_interval_code":"PA","minimum":94890,"maximum":123358,"start_date":"2018-02-22","end_date":"2018-02-28","locations":["Lakewood,
        CO"],"url":"https://www.usajobs.gov/GetJob/ViewDetails/491986500"},{"id":"usajobs:491984700","position_title":"Opportunities
        for Individuals with Disabilities","organization_name":"Lyndon B. Johnson
        Space Center","rate_interval_code":"PA","minimum":50598,"maximum":90878,"start_date":"2018-02-22","end_date":"2018-03-02","locations":["Las
        Cruces, NM","Houston, TX"],"url":"https://www.usajobs.gov/GetJob/ViewDetails/491984700"},{"id":"usajobs:491984500","position_title":"Opportunities
        for Individuals with Disabilities","organization_name":"Lyndon B. Johnson
        Space Center","rate_interval_code":"PA","minimum":83737,"maximum":129523,"start_date":"2018-02-22","end_date":"2018-03-02","locations":["Houston,
        TX"],"url":"https://www.usajobs.gov/GetJob/ViewDetails/491984500"},{"id":"usajobs:491984000","position_title":"Computer
        Engineer, ZP-0854-III (GS-11/12 Equivalent)","organization_name":"National
        Institute of Standards and Technology","rate_interval_code":"PA","minimum":68036,"maximum":106012,"start_date":"2018-02-22","end_date":"2018-03-01","locations":["Gaithersburg,
        MD"],"url":"https://www.usajobs.gov/GetJob/ViewDetails/491984000"},{"id":"usajobs:491980000","position_title":"Tools
        and Parts Attendant, WG-6904-6","organization_name":"U.S. Coast Guard","rate_interval_code":"PH","minimum":22,"maximum":25,"start_date":"2018-02-22","end_date":"2018-03-07","locations":["Baltimore,
        MD"],"url":"https://www.usajobs.gov/GetJob/ViewDetails/491980000"},{"id":"usajobs:491978900","position_title":"Telecommunications
        Specialist","organization_name":"Federal Emergency Management Agency","rate_interval_code":"PA","minimum":81077,"maximum":105400,"start_date":"2018-02-21","end_date":"2018-02-26","locations":["Maynard,
        MA"],"url":"https://www.usajobs.gov/GetJob/ViewDetails/491978900"},{"id":"usajobs:491975600","position_title":"RECREATION
        SPECIALIST NF3* - SAILING INSTRUCTOR (SEASONAL)","organization_name":"U.S.
        Marine Corps","rate_interval_code":"PH","minimum":12,"maximum":14,"start_date":"2018-02-21","end_date":"2018-03-05","locations":["Quantico,
        VA"],"url":"https://www.usajobs.gov/GetJob/ViewDetails/491975600"}]'
    http_version: 
  recorded_at: Thu, 22 Feb 2018 07:18:04 GMT
- request:
    method: get
    uri: https://www.bingapis.com/api/v6/search?AppId=<BING_V6_APP_ID>&count=20&mkt=en-US&offset=0&q=jobs%20(site:gov%20OR%20site:mil)&responseFilter=WebPages&safeSearch=moderate&textDecorations=true&traffictype=test
    body:
      encoding: US-ASCII
      string: ''
    headers:
      User-Agent:
      - USASearch
      Ocp-Apim-Subscription-Key:
      - "<BING_V6_APP_ID>"
      Accept-Encoding:
      - gzip;q=1.0,deflate;q=0.6,identity;q=0.3
      Accept:
      - "*/*"
      Connection:
      - keep-alive
      Keep-Alive:
      - '30'
  response:
    status:
      code: 200
      message: OK
    headers:
      Cache-Control:
      - private, max-age=0
      Content-Length:
      - '3973'
      Content-Type:
      - application/json; charset=utf-8
      Expires:
      - Wed, 26 Sep 2018 23:10:05 GMT
      Vary:
      - Accept-Encoding
      P3p:
      - CP="NON UNI COM NAV STA LOC CURa DEVa PSAa PSDa OUR IND"
      Set-Cookie:
      - MUID=13E196F0293D68890FAF9A8628716982; path=/; expires=Mon, 21-Oct-2019 23:11:05
        GMT; domain=bingapis.com
      - MUIDB=13E196F0293D68890FAF9A8628716982; path=/; httponly; expires=Mon, 21-Oct-2019
        23:11:05 GMT
      - SRCHD=AF=NOFORM; domain=.bingapis.com; expires=Sat, 26-Sep-2020 23:11:05 GMT;
        path=/
      - SRCHUID=V=2&GUID=43412985052E4A0992B59A34CDEE80E9&dmnchg=1; domain=.bingapis.com;
        expires=Sat, 26-Sep-2020 23:11:05 GMT; path=/
      - SRCHUSR=DOB=20180926; domain=.bingapis.com; expires=Sat, 26-Sep-2020 23:11:05
        GMT; path=/
      - _EDGE_S=mkt=en-us&F=1&SID=3D501E5C4BA66F813183122A4AEA6E16; path=/; httponly;
        domain=bingapis.com
      - _EDGE_V=1; path=/; httponly; expires=Mon, 21-Oct-2019 23:11:05 GMT; domain=bingapis.com
      - _SS=SID=3D501E5C4BA66F813183122A4AEA6E16; domain=.bingapis.com; path=/
      Bingapis-Traceid:
      - 4B1665C1A8C940F5993236361F95EA04
      X-Msedge-Clientid:
      - 13E196F0293D68890FAF9A8628716982
      X-Msapi-Userstate:
      - 9af6
      Bingapis-Market:
      - en-US
      X-Msedge-Ref:
      - 'Ref A: 4B1665C1A8C940F5993236361F95EA04 Ref B: BY3EDGE0420 Ref C: 2018-09-26T23:11:05Z'
      Date:
      - Wed, 26 Sep 2018 23:11:05 GMT
    body:
      encoding: UTF-8
      string: '{"_type": "SearchResponse", "instrumentation": {"pingUrlBase": "https:\/\/www.bingapis.com\/api\/ping?IG=D14F4EAC8E124897AE4982133C2A729A&CID=13E196F0293D68890FAF9A8628716982&ID=",
        "pageLoadPingUrl": "https:\/\/www.bingapis.com\/api\/ping\/pageload?IG=D14F4EAC8E124897AE4982133C2A729A&CID=13E196F0293D68890FAF9A8628716982&Type=Event.CPT&DATA=0"},
        "webPages": {"webSearchUrl": "https:\/\/www.bing.com\/search?q=jobs+(site%3agov+OR+site%3amil)",
        "webSearchUrlPingSuffix": "DevEx,5419.1", "totalEstimatedMatches": 28500000,
        "value": [{"id": "https:\/\/www.bingapis.com\/api\/v6\/#WebPages.0", "name":
        "USAJOBS - The Federal Government''s Official Jobs Site", "url": "https:\/\/www.usajobs.gov\/",
        "urlPingSuffix": "DevEx,5064.1", "about": [{"name": "USAJobs"}, {"name": "USAJobs"}],
        "displayUrl": "https:\/\/www.usajobs.gov", "snippet": "USAJOBS is the
        Federal Government''s official one-stop source for Federal jobs and employment
        information.", "dateLastCrawled": "2018-09-21T02:58:00.0000000Z"}, {"id":
        "https:\/\/www.bingapis.com\/api\/v6\/#WebPages.1", "name": "jobs.utah.gov
        - Department of Workforce Services", "url": "https:\/\/jobs.utah.gov\/", "urlPingSuffix":
        "DevEx,5076.1", "displayUrl": "https:\/\/jobs.utah.gov", "snippet": "The
        Department of Workforce Services strengthens Utah''s communities by supporting
        the economic stability and quality of our workforce.", "dateLastCrawled":
        "2018-09-22T15:54:00.0000000Z"}, {"id": "https:\/\/www.bingapis.com\/api\/v6\/#WebPages.2",
        "name": "Job Search Results - CalCareers", "url": "https:\/\/jobs.ca.gov\/CalHRPublic\/Search\/JobSearchResults.aspx",
        "urlPingSuffix": "DevEx,5089.1", "displayUrl": "https:\/\/jobs.ca.gov\/CalHRPublic\/Search\/JobSearchResults.aspx",
        "snippet": "Job Search Results Advanced Job Search Geographical Job Search
        Exam \/ Assessment Search Keyword Search: Use Exact Phrase Match. Search.
        Refine Search You are currently searching on: No Filters Selected. Login to
        save searches. Refine Current Results By: Job Categories: Job Categories:
        Location: ...", "dateLastCrawled": "2018-09-21T04:22:00.0000000Z"}, {"id":
        "https:\/\/www.bingapis.com\/api\/v6\/#WebPages.3", "name": "Jobs Home |
        City of New York", "url": "https:\/\/www1.nyc.gov\/jobs\/index.page", "urlPingSuffix":
        "DevEx,5101.1", "about": [{"name": "New York"}], "displayUrl": "https:\/\/www1.nyc.gov\/jobs\/index.page",
        "snippet": "Jobs ; Jobs Home Get Started Explore Careers. Find a job in
        New York City government: Search Search. Login or Create an Account. City
        Employee Login. Make a difference. City government is filled with opportunities
        for talented people who want to improve their communities and make an important
        difference in the lives of their fellow New Yorkers.", "dateLastCrawled":
        "2018-09-22T07:24:00.0000000Z"}, {"id": "https:\/\/www.bingapis.com\/api\/v6\/#WebPages.4",
        "name": "Virginia Jobs", "url": "http:\/\/jobs.virginia.gov\/", "urlPingSuffix":
        "DevEx,5114.1", "about": [{"name": "Virginia"}], "displayUrl": "jobs.virginia.gov",
        "snippet": "Job search website for individuals seeking employment with the
        Commonwealth of Virginia State Government.", "dateLastCrawled": "2018-09-23T08:26:00.0000000Z"},
        {"id": "https:\/\/www.bingapis.com\/api\/v6\/#WebPages.5", "name": "Jobs
        - Federal Aviation Administration", "url": "https:\/\/www.faa.gov\/jobs\/",
        "urlPingSuffix": "DevEx,5128.1", "about": [{"name": "Federal Aviation Administration"}],
        "displayUrl": "https:\/\/www.faa.gov\/jobs", "snippet": "Take control
        of your career. The FAA has many opportunities for you to contribute to our
        safe and efficient skies. Below is a sample of possible career fields:", "dateLastCrawled":
        "2018-09-20T22:18:00.0000000Z"}, {"id": "https:\/\/www.bingapis.com\/api\/v6\/#WebPages.6",
        "name": "NC.gov: Jobs", "url": "https:\/\/www.nc.gov\/jobs", "urlPingSuffix":
        "DevEx,5142.1", "about": [{"name": "North Carolina"}], "displayUrl": "https:\/\/www.nc.gov\/jobs",
        "snippet": "Careers within the State of North Carolina include public safety,
        education, transportation, and health care. State employees located in each
        one of the 100 counties in North Carolina. We also have listings for jobs
        in the local school system, and jobs in the private sector that are in our
        Employment Security database.", "dateLastCrawled": "2018-09-23T02:06:00.0000000Z"},
        {"id": "https:\/\/www.bingapis.com\/api\/v6\/#WebPages.7", "name": "Jobs
        | Topics - Fairfax County Homepage | Fairfax County", "url": "https:\/\/www.fairfaxcounty.gov\/topics\/jobs",
        "urlPingSuffix": "DevEx,5155.1", "about": [{"name": "Fairfax County"}], "displayUrl":
        "https:\/\/www.fairfaxcounty.gov\/topics\/jobs", "snippet": "Fairfax
        County, Virginia - Look and apply for a job with Fairfax Count Government.
        Serve your community as a public servant in many ways.", "dateLastCrawled":
        "2018-09-21T07:36:00.0000000Z"}, {"id": "https:\/\/www.bingapis.com\/api\/v6\/#WebPages.8",
        "name": "State Job Openings | Bureau of Human Resources", "url": "https:\/\/www.maine.gov\/bhr\/state-jobs",
        "urlPingSuffix": "DevEx,5166.1", "displayUrl": "https:\/\/www.maine.gov\/bhr\/state-jobs",
        "snippet": "Search Jobs. Enter a search term in the field below to filter
        the list. The list below will filter as you type. Clear Search", "dateLastCrawled":
        "2018-09-22T02:39:00.0000000Z"}, {"id": "https:\/\/www.bingapis.com\/api\/v6\/#WebPages.9",
        "name": "Careers - Welcome to the City of Houston eGovernment Center", "url":
        "http:\/\/www.houstontx.gov\/hr\/careers.html", "urlPingSuffix": "DevEx,5180.1",
        "about": [{"name": "Houston"}], "displayUrl": "www.houstontx.gov\/hr\/careers.html",
        "snippet": "The City of Houston can’t function without great employees.
        We’re always on the lookout for talented, caring people to join us. Employment
        with City of Houston represents more than just a job. A career in public
        service is an opportunity to serve fellow citizens across our city. Professions
        in city government help to support many aspects of life in Houston and considering
        a career in ...", "dateLastCrawled": "2018-09-20T08:48:00.0000000Z"}, {"id":
        "https:\/\/www.bingapis.com\/api\/v6\/#WebPages.10", "name": "JOBS4TN.GOV",
        "url": "http:\/\/www.jobs4tn.gov\/", "urlPingSuffix": "DevEx,5194.1", "displayUrl":
        "www.jobs4tn.gov", "snippet": "JOBS4TN.GOV - Find a job, post a résumé,
        setup a virtual recruiter, and get hired. Jobs4TN also allows employers
        to post jobs and view résumés of potential recruits with ease, start your
        hiring process now.", "dateLastCrawled": "2018-09-22T23:29:00.0000000Z"},
        {"id": "https:\/\/www.bingapis.com\/api\/v6\/#WebPages.11", "name": "Jobs
        & Careers at TPWD - Texas Parks & Wildlife Department", "url": "https:\/\/tpwd.texas.gov\/jobs\/",
        "urlPingSuffix": "DevEx,5208.1", "about": [{"name": "Texas Parks and Wildlife
        Department"}], "displayUrl": "https:\/\/tpwd.texas.gov\/jobs", "snippet":
        "Find Jobs » We are TPWD Providing outdoor recreational opportunities, managing
        and protecting fish and wildlife habitat, and managing parklands and historic
        areas", "dateLastCrawled": "2018-09-22T18:35:00.0000000Z"}, {"id": "https:\/\/www.bingapis.com\/api\/v6\/#WebPages.12",
        "name": "State of California - CalCareers", "url": "http:\/\/www.jobs.ca.gov\/",
        "urlPingSuffix": "DevEx,5222.1", "about": [{"name": "JobsMoGov"}], "displayUrl":
        "www.jobs.ca.gov", "snippet": "The State of California offers a wide variety
        of careers and jobs, ranging from accounting to zoology. The services our
        employees provide are truly essential to the people of California. In public
        service, you will spend every day doing work that is vital to your state and
        your community.", "dateLastCrawled": "2018-09-21T22:05:00.0000000Z"}, {"id":
        "https:\/\/www.bingapis.com\/api\/v6\/#WebPages.13", "name": "SPD: Home",
        "url": "http:\/\/www.jobs.in.gov\/", "urlPingSuffix": "DevEx,5236.1", "about":
        [{"name": "JobsMoGov"}], "displayUrl": "www.jobs.in.gov", "snippet": "Search
        for jobs with Indiana State Government; Learn more about working for the
        state of Indiana; View my current benefits summary; ... Sign up to receive
        important updates from SPD. The State Personnel Department publishes The
        Torch, the state employee newsletter, each month.", "dateLastCrawled": "2018-09-19T21:10:00.0000000Z"},
        {"id": "https:\/\/www.bingapis.com\/api\/v6\/#WebPages.14", "name": "Jobs
        - State of Idaho", "url": "https:\/\/www.idaho.gov\/jobs\/", "urlPingSuffix":
        "DevEx,5250.1", "displayUrl": "https:\/\/www.idaho.gov\/jobs", "snippet":
        "The official website of the state of Idaho, Idaho.gov is your link to
        all official government resources, information, & online services in the state
        of Idaho.", "dateLastCrawled": "2018-09-18T05:36:00.0000000Z"}, {"id": "https:\/\/www.bingapis.com\/api\/v6\/#WebPages.15",
        "name": "Job Opportunities", "url": "http:\/\/www.cpuc.ca.gov\/jobs\/", "urlPingSuffix":
        "DevEx,5264.1", "about": [{"name": "California Public Utilities Commission"}],
        "displayUrl": "www.cpuc.ca.gov\/jobs", "snippet": "Jobs; Career Opportunities;
        Exciting Career Opportunities. The CPUC is hiring! The CPUC is currently hiring
        for a variety of positions. We welcome qualified candidates to join our diverse
        team in implementing our mission to protect consumers and provide safe and
        reliable utilities and infrastructure. The CPUC is the leading regulatory
        agency in ...", "dateLastCrawled": "2018-09-19T21:41:00.0000000Z"}, {"id":
        "https:\/\/www.bingapis.com\/api\/v6\/#WebPages.16", "name": "CalJOBS",
        "url": "http:\/\/www.caljobs.ca.gov\/", "urlPingSuffix": "DevEx,5278.1", "about":
        [{"name": "Employment Development Department"}], "displayUrl": "www.caljobs.ca.gov",
        "snippet": "CalJOBS - Complete set of employment tools for job seekers in
        California. Job seekers and employers access jobs, résumés, education,
        training, labor market information.", "dateLastCrawled": "2018-09-21T11:06:00.0000000Z"},
        {"id": "https:\/\/www.bingapis.com\/api\/v6\/#WebPages.17", "name": "myCase
        - Home", "url": "https:\/\/jobs.utah.gov\/mycase\/", "urlPingSuffix": "DevEx,5292.1",
        "displayUrl": "https:\/\/jobs.utah.gov\/mycase", "snippet": "jobs main
        content Public Notice – Effective October 1, 2018, your SNAP (Supplemental
        Nutrition Assistance Program, formerly Food Stamps) benefits may be changing.
        ... How do I change the email used to log into myCase? Just login with your
        new account and answer a few questions to associate the case to your new account.
        Do I log into myCase ...", "dateLastCrawled": "2018-09-20T23:18:00.0000000Z"},
        {"id": "https:\/\/www.bingapis.com\/api\/v6\/#WebPages.18", "name": "Careers.ohio.gov",
        "url": "http:\/\/careers.ohio.gov\/", "urlPingSuffix": "DevEx,5305.1", "about":
        [{"name": "Ohio"}], "displayUrl": "careers.ohio.gov", "snippet": "The State
        of Ohio transitioned to a new applicant tracking system to post jobs and
        receive applications. Job seekers will continue to have access to view their
        existing profile\/account at governmentjobs.com. This includes application
        status information and any correspondences sent concerning applications submitted
        prior to April 6, 2018.", "dateLastCrawled": "2018-09-22T09:19:00.0000000Z"},
        {"id": "https:\/\/www.bingapis.com\/api\/v6\/#WebPages.19", "name": "Careers
        at VA - U.S. Department of Veterans Affairs", "url": "http:\/\/www.va.gov\/jobs\/",
        "urlPingSuffix": "DevEx,5318.1", "about": [{"name": "United States Department
        of Veterans Affairs"}], "displayUrl": "www.va.gov\/jobs", "snippet": "The
        Department of Veterans Affairs is committed to adding and retaining Veterans
        to our workforce. Whether you are a vet interested at working at VA or you''re
        a Vet that already works here - VA for Vets will have something for you to
        find and advance your dream career.", "dateLastCrawled": "2018-09-23T04:38:00.0000000Z"}]},
        "rankingResponse": {"mainline": {"items": [{"answerType": "WebPages", "resultIndex":
        0, "value": {"id": "https:\/\/www.bingapis.com\/api\/v6\/#WebPages.0"}}, {"answerType":
        "WebPages", "resultIndex": 1, "value": {"id": "https:\/\/www.bingapis.com\/api\/v6\/#WebPages.1"}},
        {"answerType": "WebPages", "resultIndex": 2, "value": {"id": "https:\/\/www.bingapis.com\/api\/v6\/#WebPages.2"}},
        {"answerType": "WebPages", "resultIndex": 3, "value": {"id": "https:\/\/www.bingapis.com\/api\/v6\/#WebPages.3"}},
        {"answerType": "WebPages", "resultIndex": 4, "value": {"id": "https:\/\/www.bingapis.com\/api\/v6\/#WebPages.4"}},
        {"answerType": "WebPages", "resultIndex": 5, "value": {"id": "https:\/\/www.bingapis.com\/api\/v6\/#WebPages.5"}},
        {"answerType": "WebPages", "resultIndex": 6, "value": {"id": "https:\/\/www.bingapis.com\/api\/v6\/#WebPages.6"}},
        {"answerType": "WebPages", "resultIndex": 7, "value": {"id": "https:\/\/www.bingapis.com\/api\/v6\/#WebPages.7"}},
        {"answerType": "WebPages", "resultIndex": 8, "value": {"id": "https:\/\/www.bingapis.com\/api\/v6\/#WebPages.8"}},
        {"answerType": "WebPages", "resultIndex": 9, "value": {"id": "https:\/\/www.bingapis.com\/api\/v6\/#WebPages.9"}},
        {"answerType": "WebPages", "resultIndex": 10, "value": {"id": "https:\/\/www.bingapis.com\/api\/v6\/#WebPages.10"}},
        {"answerType": "WebPages", "resultIndex": 11, "value": {"id": "https:\/\/www.bingapis.com\/api\/v6\/#WebPages.11"}},
        {"answerType": "WebPages", "resultIndex": 12, "value": {"id": "https:\/\/www.bingapis.com\/api\/v6\/#WebPages.12"}},
        {"answerType": "WebPages", "resultIndex": 13, "value": {"id": "https:\/\/www.bingapis.com\/api\/v6\/#WebPages.13"}},
        {"answerType": "WebPages", "resultIndex": 14, "value": {"id": "https:\/\/www.bingapis.com\/api\/v6\/#WebPages.14"}},
        {"answerType": "WebPages", "resultIndex": 15, "value": {"id": "https:\/\/www.bingapis.com\/api\/v6\/#WebPages.15"}},
        {"answerType": "WebPages", "resultIndex": 16, "value": {"id": "https:\/\/www.bingapis.com\/api\/v6\/#WebPages.16"}},
        {"answerType": "WebPages", "resultIndex": 17, "value": {"id": "https:\/\/www.bingapis.com\/api\/v6\/#WebPages.17"}},
        {"answerType": "WebPages", "resultIndex": 18, "value": {"id": "https:\/\/www.bingapis.com\/api\/v6\/#WebPages.18"}},
        {"answerType": "WebPages", "resultIndex": 19, "value": {"id": "https:\/\/www.bingapis.com\/api\/v6\/#WebPages.19"}}]}}}'
    http_version: 
  recorded_at: Wed, 26 Sep 2018 23:11:05 GMT
recorded_with: VCR 4.0.0
